                                      1 ;--------------------------------------------------------
                                      2 ; File Created by SDCC : free open source ISO C Compiler
                                      3 ; Version 4.5.0 #15242 (MINGW64)
                                      4 ;--------------------------------------------------------
                                      5 	.module clk
                                      6 	
                                      7 ;--------------------------------------------------------
                                      8 ; Public variables in this module
                                      9 ;--------------------------------------------------------
                                     10 	.globl _clk_fmaster_freq_get
                                     11 ;--------------------------------------------------------
                                     12 ; ram data
                                     13 ;--------------------------------------------------------
                                     14 	.area DATA
                                     15 ;--------------------------------------------------------
                                     16 ; ram data
                                     17 ;--------------------------------------------------------
                                     18 	.area INITIALIZED
                                     19 ;--------------------------------------------------------
                                     20 ; absolute external ram data
                                     21 ;--------------------------------------------------------
                                     22 	.area DABS (ABS)
                                     23 
                                     24 ; default segment ordering for linker
                                     25 	.area HOME
                                     26 	.area GSINIT
                                     27 	.area GSFINAL
                                     28 	.area CONST
                                     29 	.area INITIALIZER
                                     30 	.area CODE
                                     31 
                                     32 ;--------------------------------------------------------
                                     33 ; global & static initialisations
                                     34 ;--------------------------------------------------------
                                     35 	.area HOME
                                     36 	.area GSINIT
                                     37 	.area GSFINAL
                                     38 	.area GSINIT
                                     39 ;--------------------------------------------------------
                                     40 ; Home
                                     41 ;--------------------------------------------------------
                                     42 	.area HOME
                                     43 	.area HOME
                                     44 ;--------------------------------------------------------
                                     45 ; code
                                     46 ;--------------------------------------------------------
                                     47 	.area CODE
                                     48 ;	.\clk.c: 11: uint32_t clk_fmaster_freq_get(void) {
                                     49 ;	-----------------------------------------
                                     50 ;	 function clk_fmaster_freq_get
                                     51 ;	-----------------------------------------
      000000                         52 _clk_fmaster_freq_get:
      000000 52 04            [ 2]   53 	sub	sp, #4
                                     54 ;	.\clk.c: 12: CLK_MASTER_SRC fmaster_src = clk_master_get_source();
      000002 C6 50 C3         [ 1]   55 	ld	a, 0x50c3
                                     56 ;	.\clk.c: 13: uint32_t base_freq = 0;
      000005 5F               [ 1]   57 	clrw	x
      000006 1F 03            [ 2]   58 	ldw	(0x03, sp), x
      000008 1F 01            [ 2]   59 	ldw	(0x01, sp), x
                                     60 ;	.\clk.c: 15: if(fmaster_src == CLK_MASTER_SRC_HSE) {
      00000A A1 B4            [ 1]   61 	cp	a, #0xb4
      00000C 26 05            [ 1]   62 	jrne	00107$
                                     63 ;	.\clk.c: 16: return base_freq;    
      00000E 5F               [ 1]   64 	clrw	x
      00000F 90 5F            [ 1]   65 	clrw	y
      000011 20 30            [ 2]   66 	jra	00111$
      000013                         67 00107$:
                                     68 ;	.\clk.c: 18: } else if(fmaster_src == CLK_MASTER_SRC_HSI) {
      000013 A1 E1            [ 1]   69 	cp	a, #0xe1
      000015 26 1B            [ 1]   70 	jrne	00104$
                                     71 ;	.\clk.c: 20: HSI_DIV_PRESCALAR hsi_div_psc = clk_hsi_div_prescalar_read();    
      000017 C6 50 C6         [ 1]   72 	ld	a, 0x50c6
      00001A A4 18            [ 1]   73 	and	a, #0x18
                                     74 ;	.\clk.c: 21: base_freq = (HSI_MAX_FREQ >> hsi_div_psc);
      00001C AE 24 00         [ 2]   75 	ldw	x, #0x2400
      00001F 90 AE 00 F4      [ 2]   76 	ldw	y, #0x00f4
      000023 4D               [ 1]   77 	tnz	a
      000024 27 06            [ 1]   78 	jreq	00141$
      000026                         79 00140$:
      000026 90 54            [ 2]   80 	srlw	y
      000028 56               [ 2]   81 	rrcw	x
      000029 4A               [ 1]   82 	dec	a
      00002A 26 FA            [ 1]   83 	jrne	00140$
      00002C                         84 00141$:
      00002C 1F 03            [ 2]   85 	ldw	(0x03, sp), x
      00002E 17 01            [ 2]   86 	ldw	(0x01, sp), y
      000030 20 0D            [ 2]   87 	jra	00108$
      000032                         88 00104$:
                                     89 ;	.\clk.c: 23: } else if(fmaster_src == CLK_MASTER_SRC_LSI) {
      000032 A1 D2            [ 1]   90 	cp	a, #0xd2
      000034 26 09            [ 1]   91 	jrne	00108$
                                     92 ;	.\clk.c: 24: base_freq = 128000UL;    
      000036 AE F4 00         [ 2]   93 	ldw	x, #0xf400
      000039 1F 03            [ 2]   94 	ldw	(0x03, sp), x
      00003B 5F               [ 1]   95 	clrw	x
      00003C 5C               [ 1]   96 	incw	x
      00003D 1F 01            [ 2]   97 	ldw	(0x01, sp), x
      00003F                         98 00108$:
                                     99 ;	.\clk.c: 27: return base_freq;
      00003F 1E 03            [ 2]  100 	ldw	x, (0x03, sp)
      000041 16 01            [ 2]  101 	ldw	y, (0x01, sp)
      000043                        102 00111$:
                                    103 ;	.\clk.c: 28: }
      000043 5B 04            [ 2]  104 	addw	sp, #4
      000045 81               [ 4]  105 	ret
                                    106 	.area CODE
                                    107 	.area CONST
                                    108 	.area INITIALIZER
                                    109 	.area CABS (ABS)
